{
     "access_ipv4": "",
     "access_ipv6": "",
     "addresses": {
          "control": [
               {
                    "OS-EXT-IPS-MAC:mac_addr": "fa:16:3e:4a:e2:a5",
                    "OS-EXT-IPS:type": "fixed",
                    "addr": "10.0.0.201",
                    "version": 4
               }
          ]
     },
     "admin_password": null,
     "attached_volumes": [],
     "availability_zone": "nova",
     "block_device_mapping": null,
     "compute_host": "isislab23",
     "config_drive": "",
     "created_at": "2024-05-02T18:14:08Z",
     "description": null,
     "disk_config": "AUTO",
     "fault": null,
     "flavor": {
          "description": null,
          "disk": 20,
          "ephemeral": 0,
          "extra_specs": {},
          "id": "m1.medium",
          "is_disabled": null,
          "is_public": true,
          "location": null,
          "name": "m1.medium",
          "original_name": "m1.medium",
          "ram": 4096,
          "rxtx_factor": null,
          "swap": 0,
          "vcpus": 2
     },
     "flavor_id": null,
     "has_config_drive": "",
     "host_id": "2b5052c5a07371742ddad333f9cc650a3ab54d6d460ba29aaeb9157f",
     "host_status": null,
     "hostname": "testmachine-v",
     "hypervisor_hostname": "isislab23",
     "id": "94d6aaa5-cfdf-4548-89d9-e17d0e532d04",
     "image": {
          "architecture": null,
          "checksum": null,
          "container_format": null,
          "created_at": null,
          "direct_url": null,
          "disk_format": null,
          "file": null,
          "has_auto_disk_config": null,
          "hash_algo": null,
          "hash_value": null,
          "hw_cpu_cores": null,
          "hw_cpu_policy": null,
          "hw_cpu_sockets": null,
          "hw_cpu_thread_policy": null,
          "hw_cpu_threads": null,
          "hw_disk_bus": null,
          "hw_machine_type": null,
          "hw_qemu_guest_agent": null,
          "hw_rng_model": null,
          "hw_scsi_model": null,
          "hw_serial_port_count": null,
          "hw_video_model": null,
          "hw_video_ram": null,
          "hw_vif_model": null,
          "hw_watchdog_action": null,
          "hypervisor_type": null,
          "id": "399ae60e-7f73-476e-aad7-13aebcad84a1",
          "instance_type_rxtx_factor": null,
          "instance_uuid": null,
          "is_hidden": null,
          "is_hw_boot_menu_enabled": null,
          "is_hw_vif_multiqueue_enabled": null,
          "is_protected": null,
          "kernel_id": null,
          "location": null,
          "locations": null,
          "metadata": null,
          "min_disk": null,
          "min_ram": null,
          "name": null,
          "needs_config_drive": null,
          "needs_secure_boot": null,
          "os_admin_user": null,
          "os_command_line": null,
          "os_distro": null,
          "os_require_quiesce": null,
          "os_shutdown_timeout": null,
          "os_type": null,
          "os_version": null,
          "owner": null,
          "owner_id": null,
          "properties": {
               "links": [
                    {
                         "href": "https://cloud.isislab.vanderbilt.edu:8774/images/399ae60e-7f73-476e-aad7-13aebcad84a1",
                         "rel": "bookmark"
                    }
               ]
          },
          "ramdisk_id": null,
          "schema": null,
          "size": null,
          "status": null,
          "store": null,
          "tags": [],
          "updated_at": null,
          "url": null,
          "virtual_size": null,
          "visibility": null,
          "vm_mode": null,
          "vmware_adaptertype": null,
          "vmware_ostype": null
     },
     "image_id": null,
     "instance_name": "instance-000001f5",
     "interface_ip": "",
     "is_locked": false,
     "kernel_id": "",
     "key_name": "castle-pem",
     "launch_index": 0,
     "launched_at": "2024-05-02T18:31:12.000000",
     "links": [
          {
               "href": "https://cloud.isislab.vanderbilt.edu:8774/v2.1/servers/94d6aaa5-cfdf-4548-89d9-e17d0e532d04",
               "rel": "self"
          },
          {
               "href": "https://cloud.isislab.vanderbilt.edu:8774/servers/94d6aaa5-cfdf-4548-89d9-e17d0e532d04",
               "rel": "bookmark"
          }
     ],
     "location": {
          "cloud": "defaults",
          "project": {
               "domain_id": null,
               "domain_name": "ISIS",
               "id": "8eb235773ecf478cbc66dd1359268ef4",
               "name": "mvp1"
          },
          "region_name": "",
          "zone": "nova"
     },
     "locked_reason": null,
     "max_count": null,
     "metadata": {},
     "min_count": null,
     "name": "testmachine-v",
     "networks": null,
     "power_state": 1,
     "private_v4": "",
     "private_v6": "",
     "progress": 0,
     "project_id": "8eb235773ecf478cbc66dd1359268ef4",
     "public_v4": "",
     "public_v6": "",
     "ramdisk_id": "",
     "reservation_id": "r-nzpemmm2",
     "root_device_name": "/dev/vda",
     "scheduler_hints": null,
     "security_groups": [
          {
               "name": "default"
          }
     ],
     "server_groups": null,
     "status": "ACTIVE",
     "tags": [],
     "task_state": null,
     "terminated_at": null,
     "trusted_image_certificates": null,
     "updated_at": "2024-05-02T18:31:12Z",
     "user_data": null,
     "user_id": "528ce3dfa2f634b7215751a9501e44aaabbbc14b72174793668d05c29aaf5d60",
     "vm_state": "active",
     "volumes": []
}
